// Jest Snapshot v1, https://goo.gl/fbAQLP

exports[`renders <Button /> correctlys 1`] = `
<button
  className="Button-iopl9m-0 kmRaeJ"
>
  test
</button>
`;
